[themes.pixelstrap.com/voxo/back-end/index.html]
[backblue.gif]
[fade.gif]
[index.html]
[themes.pixelstrap.com/voxo/back-end/assets/images/favicon.png]
[themes.pixelstrap.com/voxo/back-end/assets/images/logo/logo.png]
[themes.pixelstrap.com/voxo/back-end/assets/images/logo/logo-white.png]
[themes.pixelstrap.com/voxo/back-end/assets/images/user/1.jpg]
[themes.pixelstrap.com/voxo/back-end/assets/images/user/2.png]
[themes.pixelstrap.com/voxo/back-end/assets/images/user/3.png]
[themes.pixelstrap.com/voxo/back-end/assets/images/users/4.jpg]
[themes.pixelstrap.com/voxo/back-end/all-users.html]
[themes.pixelstrap.com/voxo/back-end/order-list.html]
[themes.pixelstrap.com/voxo/back-end/support-ticket.html]
[themes.pixelstrap.com/voxo/back-end/profile-setting.html]
[themes.pixelstrap.com/voxo/back-end/add-new-user.html]
[themes.pixelstrap.com/voxo/back-end/order-detail.html]
[themes.pixelstrap.com/voxo/back-end/order-tracking.html]
[themes.pixelstrap.com/voxo/back-end/vendor-list.html]
[themes.pixelstrap.com/voxo/back-end/create-vendor.html]
[themes.pixelstrap.com/voxo/back-end/translation.html]
[themes.pixelstrap.com/voxo/back-end/currency-rates.html]
[themes.pixelstrap.com/voxo/back-end/taxes.html]
[themes.pixelstrap.com/voxo/back-end/products.html]
[themes.pixelstrap.com/voxo/back-end/add-new-product.html]
[themes.pixelstrap.com/voxo/back-end/menu-lists.html]
[themes.pixelstrap.com/voxo/back-end/create-menu.html]
[themes.pixelstrap.com/voxo/back-end/coupon-list.html]
[themes.pixelstrap.com/voxo/back-end/create-coupon.html]
[themes.pixelstrap.com/voxo/back-end/product-review.html]
[themes.pixelstrap.com/voxo/back-end/invoice.html]
[themes.pixelstrap.com/voxo/back-end/reports.html]
[themes.pixelstrap.com/voxo/back-end/list-page.html]
[themes.pixelstrap.com/voxo/back-end/login.html]
[themes.pixelstrap.com/voxo/back-end/forgot-password.html]
[themes.pixelstrap.com/voxo/back-end/sign-up.html]
[themes.pixelstrap.com/voxo/back-end/assets/images/brower-image/chrome.png]
[themes.pixelstrap.com/voxo/back-end/assets/images/brower-image/firefox.png]
[themes.pixelstrap.com/voxo/back-end/assets/images/brower-image/internet-explorer.png]
[themes.pixelstrap.com/voxo/back-end/assets/images/brower-image/opera.png]
[themes.pixelstrap.com/voxo/back-end/assets/images/brower-image/safari.png]
[themes.pixelstrap.com/voxo/back-end/assets/js/jquery-3.6.0.min.js]
[themes.pixelstrap.com/voxo/back-end/assets/js/bootstrap/bootstrap.bundle.min.js]
[themes.pixelstrap.com/voxo/back-end/assets/js/icons/feather-icon/feather.min.js]
[themes.pixelstrap.com/voxo/back-end/assets/js/icons/feather-icon/feather-icon.js]
[themes.pixelstrap.com/voxo/back-end/assets/js/scrollbar/simplebar.js]
[themes.pixelstrap.com/voxo/back-end/assets/js/scrollbar/custom.js]
[themes.pixelstrap.com/voxo/back-end/assets/js/config.js]
[themes.pixelstrap.com/voxo/back-end/assets/js/tooltip-init.js]
[themes.pixelstrap.com/voxo/back-end/assets/js/sidebar-menu.js]
[themes.pixelstrap.com/voxo/back-end/assets/js/notify/bootstrap-notify.min.js]
[themes.pixelstrap.com/voxo/back-end/assets/js/notify/index.js]
[themes.pixelstrap.com/voxo/back-end/assets/js/chart/apex-chart/apex-chart1.js]
[themes.pixelstrap.com/voxo/back-end/assets/js/chart/apex-chart/moment.min.js]
[themes.pixelstrap.com/voxo/back-end/assets/js/chart/apex-chart/apex-chart.js]
[themes.pixelstrap.com/voxo/back-end/assets/js/chart/apex-chart/stock-prices.js]
[themes.pixelstrap.com/voxo/back-end/assets/js/chart/apex-chart/chart-custom1.js]
[themes.pixelstrap.com/voxo/back-end/assets/js/customizer.js]
[themes.pixelstrap.com/voxo/back-end/assets/js/ratio.js]
[themes.pixelstrap.com/voxo/back-end/assets/js/script.js]
[themes.pixelstrap.com/voxo/back-end/index.html]
[themes.pixelstrap.com/voxo/back-end/assets/css/linearicon.css]
[themes.pixelstrap.com/voxo/back-end/assets/fonts/fa-regular-400.eot]
[themes.pixelstrap.com/voxo/back-end/assets/fonts/fa-regular-400d41d.eot]
[themes.pixelstrap.com/voxo/back-end/assets/fonts/fa-regular-400.woff2]
[themes.pixelstrap.com/voxo/back-end/assets/fonts/fa-regular-400.woff]
[themes.pixelstrap.com/voxo/back-end/assets/fonts/fa-regular-400.ttf]
[themes.pixelstrap.com/voxo/back-end/assets/fonts/fa-brands-400.eot]
[themes.pixelstrap.com/voxo/back-end/assets/fonts/fa-brands-400d41d.eot]
[themes.pixelstrap.com/voxo/back-end/assets/fonts/fa-brands-400.woff2]
[themes.pixelstrap.com/voxo/back-end/assets/fonts/fa-brands-400.woff]
[themes.pixelstrap.com/voxo/back-end/assets/fonts/fa-brands-400.ttf]
[themes.pixelstrap.com/voxo/back-end/assets/fonts/fa-solid-900.eot]
[themes.pixelstrap.com/voxo/back-end/assets/fonts/fa-solid-900d41d.eot]
[themes.pixelstrap.com/voxo/back-end/assets/fonts/fa-solid-900.woff2]
[themes.pixelstrap.com/voxo/back-end/assets/fonts/fa-solid-900.woff]
[themes.pixelstrap.com/voxo/back-end/assets/fonts/fa-solid-900.ttf]
[themes.pixelstrap.com/voxo/back-end/assets/css/vendors/font-awesome.css]
[themes.pixelstrap.com/voxo/back-end/assets/fonts/themify/themify9f24.eot]
[themes.pixelstrap.com/voxo/back-end/assets/fonts/themify/themifyd41d.eot]
[themes.pixelstrap.com/voxo/back-end/assets/fonts/themify/themify9f24.woff]
[themes.pixelstrap.com/voxo/back-end/assets/fonts/themify/themify9f24.ttf]
[themes.pixelstrap.com/voxo/back-end/assets/css/vendors/themify.css]
[themes.pixelstrap.com/voxo/back-end/assets/css/ratio.css]
[themes.pixelstrap.com/voxo/back-end/assets/css/vendors/feather-icon.css]
[themes.pixelstrap.com/voxo/back-end/assets/css/vendors/scrollbar.css]
[themes.pixelstrap.com/voxo/back-end/assets/css/vendors/animate.css]
[themes.pixelstrap.com/voxo/back-end/assets/css/vendors/bootstrap.css]
[themes.pixelstrap.com/voxo/back-end/assets/css/vector-map.css]
[themes.pixelstrap.com/voxo/back-end/assets/css/slick.css]
[themes.pixelstrap.com/voxo/back-end/assets/fonts/slick.eot]
[themes.pixelstrap.com/voxo/back-end/assets/fonts/slickd41d.eot]
[themes.pixelstrap.com/voxo/back-end/assets/fonts/slick.woff]
[themes.pixelstrap.com/voxo/back-end/assets/fonts/slick.ttf]
[themes.pixelstrap.com/voxo/back-end/assets/css/slick-theme.css]
[themes.pixelstrap.com/voxo/back-end/assets/css/style.css]
[themes.pixelstrap.com/voxo/back-end/assets/css/responsive.css]
[themes.pixelstrap.com/voxo/back-end/assets/images/users/1.jpg]
[themes.pixelstrap.com/voxo/back-end/assets/images/users/2.jpg]
[themes.pixelstrap.com/voxo/back-end/assets/images/users/3.jpg]
[themes.pixelstrap.com/voxo/back-end/assets/images/users/5.jpg]
[themes.pixelstrap.com/voxo/back-end/assets/js/checkbox-all-check.js]
[themes.pixelstrap.com/voxo/back-end/all-users.html]
[cdn.linearicons.com/free/1.0.0/icon-font.min.css]
[themes.pixelstrap.com/voxo/back-end/assets/images/profile/1.jpg]
[themes.pixelstrap.com/voxo/back-end/assets/images/profile/2.jpg]
[themes.pixelstrap.com/voxo/back-end/assets/images/profile/3.jpg]
[themes.pixelstrap.com/voxo/back-end/assets/images/profile/4.jpg]
[themes.pixelstrap.com/voxo/back-end/order-list.html]
[themes.pixelstrap.com/voxo/back-end/support-ticket.html]
[themes.pixelstrap.com/voxo/back-end/assets/js/bootstrap-tagsinput.min.js]
[themes.pixelstrap.com/voxo/back-end/assets/js/dropzone/dropzone.js]
[themes.pixelstrap.com/voxo/back-end/assets/js/dropzone/dropzone-script.js]
[themes.pixelstrap.com/voxo/back-end/profile-setting.html]
[themes.pixelstrap.com/voxo/back-end/add-new-user.html]
[themes.pixelstrap.com/voxo/back-end/order-detail.html]
[themes.pixelstrap.com/voxo/back-end/order-tracking.html]
[themes.pixelstrap.com/voxo/back-end/vendor-list.html]
[themes.pixelstrap.com/voxo/back-end/create-vendor.html]
[themes.pixelstrap.com/voxo/back-end/translation.html]
[themes.pixelstrap.com/voxo/back-end/currency-rates.html]
[themes.pixelstrap.com/voxo/back-end/taxes.html]
[themes.pixelstrap.com/voxo/back-end/products.html]
[themes.pixelstrap.com/voxo/back-end/assets/js/ckeditor.js]
[themes.pixelstrap.com/voxo/back-end/assets/js/ckeditor-custom.js]
[themes.pixelstrap.com/voxo/back-end/assets/js/select2.min.js]
[themes.pixelstrap.com/voxo/back-end/assets/js/select2-custom.js]
[themes.pixelstrap.com/voxo/back-end/add-new-product.html]
[themes.pixelstrap.com/voxo/back-end/menu-lists.html]
[themes.pixelstrap.com/voxo/back-end/create-menu.html]
[themes.pixelstrap.com/voxo/back-end/coupon-list.html]
[themes.pixelstrap.com/voxo/back-end/create-coupon.html]
[themes.pixelstrap.com/voxo/back-end/product-review.html]
[themes.pixelstrap.com/voxo/back-end/invoice.html]
[themes.pixelstrap.com/voxo/back-end/assets/js/chart/apex-chart/chart-custom.js]
[themes.pixelstrap.com/voxo/back-end/reports.html]
[themes.pixelstrap.com/voxo/back-end/list-page.html]
[themes.pixelstrap.com/voxo/back-end/assets/images/facebook.png]
[themes.pixelstrap.com/voxo/back-end/assets/images/google.png]
[themes.pixelstrap.com/voxo/back-end/login.html]
[themes.pixelstrap.com/voxo/back-end/forgot-password.html]
[themes.pixelstrap.com/voxo/back-end/sign-up.html]
[themes.pixelstrap.com/voxo/back-end/assets/fonts/fa-regular-400.svg]
[themes.pixelstrap.com/voxo/back-end/assets/fonts/fa-brands-400.svg]
[themes.pixelstrap.com/voxo/back-end/assets/fonts/fa-solid-900.svg]
[themes.pixelstrap.com/voxo/back-end/assets/fonts/themify/themify9f24.svg]
[themes.pixelstrap.com/voxo/back-end/assets/assets/images/ajax-loader.html]
[themes.pixelstrap.com/voxo/back-end/assets/fonts/slick.svg]
[themes.pixelstrap.com/voxo/back-end/assets/images/other-images/coming-soon-bg.html]
[themes.pixelstrap.com/voxo/back-end/assets/images/dashboard/bg.html]
[themes.pixelstrap.com/voxo/back-end/assets/images/other-images/mobile-clock-wallpaper.html]
[themes.pixelstrap.com/voxo/back-end/assets/images/other-images/clock-face.html]
[themes.pixelstrap.com/voxo/back-end/assets/images/sec.html]
[themes.pixelstrap.com/voxo/back-end/assets/images/min.html]
[themes.pixelstrap.com/voxo/back-end/assets/images/hour.html]
[themes.pixelstrap.com/voxo/back-end/assets/images/other-images/calender-bg.html]
[themes.pixelstrap.com/voxo/back-end/assets/images/other-images/maintenance-bg.html]
[themes.pixelstrap.com/voxo/back-end/assets/assets/images/landing/title.html]
[themes.pixelstrap.com/voxo/back-end/assets/assets/images/landing/email-bg.html]
[themes.pixelstrap.com/voxo/back-end/assets/images/landing/left-left.html]
[themes.pixelstrap.com/voxo/back-end/assets/images/landing/leaf-right.html]
[themes.pixelstrap.com/voxo/back-end/assets/images/social-app/social-image.html]
[themes.pixelstrap.com/voxo/back-end/assets/images/other-images/bg-profile.html]
[themes.pixelstrap.com/voxo/back-end/assets/images/icon/down-.html]
[themes.pixelstrap.com/voxo/back-end/assets/images/other-images/boxbg.html]
[cdn.linearicons.com/free/1.0.0/icon-font.min.css]
[cdn.linearicons.com/free/1.0.0/Linearicons-Free.eot]
[themes.pixelstrap.com/voxo/back-end/assets/css/vendors/dropzone.css]
[themes.pixelstrap.com/voxo/back-end/assets/css/select2.min.css]
[themes.pixelstrap.com/voxo/back-end/assets/css/vendors/chartist.css]
[themes.pixelstrap.com/voxo/back-end/assets/css/vendors/date-picker.css]
[themes.pixelstrap.com/voxo/back-end/assets/css/vendors/bootstrap-tagsinput.css]
[themes.pixelstrap.com/voxo/back-end/assets/css/magnific-popup.css]
[themes.pixelstrap.com/voxo/back-end/assets/css/vendors/dropzone-spritemap.html]
