[themes.pixelstrap.com/voxo/front-end/index.html]
[themes.pixelstrap.com/voxo/front-end/manifest.json]
[themes.pixelstrap.com/voxo/front-end/assets/images/favicon/2.png]
[backblue.gif]
[fade.gif]
[index.html]
[themes.pixelstrap.com/voxo/front-end/assets/images/logo.png]
[themes.pixelstrap.com/voxo/front-end/shop-left-sidebar.html]
[themes.pixelstrap.com/voxo/front-end/assets/images/electronics/banner/4.jpg]
[themes.pixelstrap.com/voxo/front-end/assets/images/banner/1.jpg]
[themes.pixelstrap.com/voxo/front-end/assets/images/demo-image/fashion.jpg]
[themes.pixelstrap.com/voxo/front-end/flower-demo.html]
[themes.pixelstrap.com/voxo/front-end/assets/images/demo-image/flower.jpg]
[themes.pixelstrap.com/voxo/front-end/furniture-demo.html]
[themes.pixelstrap.com/voxo/front-end/assets/images/demo-image/furniture.jpg]
[themes.pixelstrap.com/voxo/front-end/electronic-demo.html]
[themes.pixelstrap.com/voxo/front-end/assets/images/demo-image/electonic.jpg]
[themes.pixelstrap.com/voxo/front-end/shoes-demo.html]
[themes.pixelstrap.com/voxo/front-end/assets/images/demo-image/shoes.jpg]
[themes.pixelstrap.com/voxo/front-end/vegetables-demo.html]
[themes.pixelstrap.com/voxo/front-end/assets/images/demo-image/vagetables.jpg]
[themes.pixelstrap.com/voxo/front-end/shop-canvas-filter.html]
[themes.pixelstrap.com/voxo/front-end/shop-category-slider.html]
[themes.pixelstrap.com/voxo/front-end/shop-filter-hide.html]
[themes.pixelstrap.com/voxo/front-end/shop-list-infinite.html]
[themes.pixelstrap.com/voxo/front-end/shop-list.html]
[themes.pixelstrap.com/voxo/front-end/shop-no-sidebar.html]
[themes.pixelstrap.com/voxo/front-end/shop-right-sidebar.html]
[themes.pixelstrap.com/voxo/front-end/shop-top-filter.html]
[themes.pixelstrap.com/voxo/front-end/shop-with-category.html]
[themes.pixelstrap.com/voxo/front-end/product-4-image.html]
[themes.pixelstrap.com/voxo/front-end/product-360-view.html]
[themes.pixelstrap.com/voxo/front-end/product-bundle.html]
[themes.pixelstrap.com/voxo/front-end/product-left-sidebar.html]
[themes.pixelstrap.com/voxo/front-end/product-left-thumbnail.html]
[themes.pixelstrap.com/voxo/front-end/product-no-sidebar.html]
[themes.pixelstrap.com/voxo/front-end/product-right-sidebar.html]
[themes.pixelstrap.com/voxo/front-end/product-right-thumbnail.html]
[themes.pixelstrap.com/voxo/front-end/product-sticky.html]
[themes.pixelstrap.com/voxo/front-end/product-video-thumbnail.html]
[themes.pixelstrap.com/voxo/front-end/portfolio-2-grid.html]
[themes.pixelstrap.com/voxo/front-end/portfolio-2-masonary.html]
[themes.pixelstrap.com/voxo/front-end/portfolio-3-grid.html]
[themes.pixelstrap.com/voxo/front-end/portfolio-3-masonary.html]
[themes.pixelstrap.com/voxo/front-end/portfolio-4-grid.html]
[themes.pixelstrap.com/voxo/front-end/portfolio-4-masonary.html]
[themes.pixelstrap.com/voxo/front-end/portfolio-no-space.html]
[themes.pixelstrap.com/voxo/front-end/element-button.html]
[themes.pixelstrap.com/voxo/front-end/element-category.html]
[themes.pixelstrap.com/voxo/front-end/element-collection-banner.html]
[themes.pixelstrap.com/voxo/front-end/element-deal-banner.html]
[themes.pixelstrap.com/voxo/front-end/element-header.html]
[themes.pixelstrap.com/voxo/front-end/element-home.html]
[themes.pixelstrap.com/voxo/front-end/element-product.html]
[themes.pixelstrap.com/voxo/front-end/404.html]
[themes.pixelstrap.com/voxo/front-end/log-in.html]
[themes.pixelstrap.com/voxo/front-end/sign-up.html]
[themes.pixelstrap.com/voxo/front-end/forgot.html]
[themes.pixelstrap.com/voxo/front-end/cart.html]
[themes.pixelstrap.com/voxo/front-end/checkout.html]
[themes.pixelstrap.com/voxo/front-end/coming-soon.html]
[themes.pixelstrap.com/voxo/front-end/compare.html]
[themes.pixelstrap.com/voxo/front-end/contact-us.html]
[themes.pixelstrap.com/voxo/front-end/faq.html]
[themes.pixelstrap.com/voxo/front-end/order-success.html]
[themes.pixelstrap.com/voxo/front-end/order-tracking.html]
[themes.pixelstrap.com/voxo/front-end/review.html]
[themes.pixelstrap.com/voxo/front-end/search.html]
[themes.pixelstrap.com/voxo/front-end/user-dashboard.html]
[themes.pixelstrap.com/voxo/front-end/wishlist.html]
[themes.pixelstrap.com/voxo/front-end/blog-details.html]
[themes.pixelstrap.com/voxo/front-end/blog-infinite-scroll.html]
[themes.pixelstrap.com/voxo/front-end/blog-left-sidebar.html]
[themes.pixelstrap.com/voxo/front-end/blog-listing.html]
[themes.pixelstrap.com/voxo/front-end/blog-masonary.html]
[themes.pixelstrap.com/voxo/front-end/blog-no-sidebar.html]
[themes.pixelstrap.com/voxo/front-end/blog-right-sidebar.html]
[themes.pixelstrap.com/voxo/front-end/assets/images/pwa.png]
[themes.pixelstrap.com/voxo/front-end/assets/images/fashion/product/front/1.jpg]
[themes.pixelstrap.com/voxo/front-end/assets/images/fashion/product/front/7.jpg]
[themes.pixelstrap.com/voxo/front-end/assets/images/electronics/product/1.jpg]
[themes.pixelstrap.com/voxo/front-end/assets/images/electronics/product/5.jpg]
[themes.pixelstrap.com/voxo/front-end/assets/images/social-icon/4.png]
[themes.pixelstrap.com/voxo/front-end/assets/images/social-icon/5.png]
[themes.pixelstrap.com/voxo/front-end/assets/images/social-icon/6.png]
[themes.pixelstrap.com/voxo/front-end/assets/images/fashion/slider/1.jpg]
[themes.pixelstrap.com/voxo/front-end/assets/images/fashion/slider/2.jpg]
[themes.pixelstrap.com/voxo/front-end/assets/images/fashion/banner/1.jpg]
[themes.pixelstrap.com/voxo/front-end/assets/images/fashion/banner/2.jpg]
[themes.pixelstrap.com/voxo/front-end/assets/images/fashion/banner/3.jpg]
[themes.pixelstrap.com/voxo/front-end/assets/images/fashion/product/back/1.jpg]
[themes.pixelstrap.com/voxo/front-end/assets/images/fashion/product/front/2.jpg]
[themes.pixelstrap.com/voxo/front-end/assets/images/fashion/product/back/2.jpg]
[themes.pixelstrap.com/voxo/front-end/assets/images/fashion/product/front/3.jpg]
[themes.pixelstrap.com/voxo/front-end/assets/images/fashion/product/back/3.jpg]
[themes.pixelstrap.com/voxo/front-end/assets/images/fashion/product/front/4.jpg]
[themes.pixelstrap.com/voxo/front-end/assets/images/fashion/product/back/4.jpg]
[themes.pixelstrap.com/voxo/front-end/assets/images/fashion/category/1.jpg]
[themes.pixelstrap.com/voxo/front-end/assets/images/fashion/category/2.jpg]
[themes.pixelstrap.com/voxo/front-end/assets/images/fashion/category/3.jpg]
[themes.pixelstrap.com/voxo/front-end/assets/images/fashion/category/4.jpg]
[themes.pixelstrap.com/voxo/front-end/assets/images/fashion/banner/4.jpg]
[themes.pixelstrap.com/voxo/front-end/assets/images/fashion/banner/5.jpg]
[themes.pixelstrap.com/voxo/front-end/assets/images/fashion/banner/6.jpg]
[themes.pixelstrap.com/voxo/front-end/assets/images/fashion/banner/7.jpg]
[themes.pixelstrap.com/voxo/front-end/assets/images/fashion/product/front/5.jpg]
[themes.pixelstrap.com/voxo/front-end/assets/images/fashion/product/back/5.jpg]
[themes.pixelstrap.com/voxo/front-end/assets/images/fashion/product/front/6.jpg]
[themes.pixelstrap.com/voxo/front-end/assets/images/fashion/product/back/6.jpg]
[themes.pixelstrap.com/voxo/front-end/assets/images/fashion/product/back/7.jpg]
[themes.pixelstrap.com/voxo/front-end/assets/images/fashion/product/front/8.jpg]
[themes.pixelstrap.com/voxo/front-end/assets/images/fashion/product/back/8.jpg]
[themes.pixelstrap.com/voxo/front-end/assets/images/fashion/banner/8.jpg]
[themes.pixelstrap.com/voxo/front-end/assets/images/fashion/instagram/1.jpg]
[themes.pixelstrap.com/voxo/front-end/assets/images/fashion/instagram/2.jpg]
[themes.pixelstrap.com/voxo/front-end/assets/images/fashion/instagram/3.jpg]
[themes.pixelstrap.com/voxo/front-end/assets/images/fashion/instagram/4.jpg]
[themes.pixelstrap.com/voxo/front-end/assets/images/fashion/instagram/5.jpg]
[themes.pixelstrap.com/voxo/front-end/about-us.html]
[themes.pixelstrap.com/voxo/front-end/assets/images/payment-icon/1.jpg]
[themes.pixelstrap.com/voxo/front-end/assets/images/payment-icon/2.jpg]
[themes.pixelstrap.com/voxo/front-end/assets/images/payment-icon/3.jpg]
[themes.pixelstrap.com/voxo/front-end/assets/images/payment-icon/4.jpg]
[themes.pixelstrap.com/voxo/front-end/assets/images/newletter-icon.png]
[themes.pixelstrap.com/voxo/front-end/assets/images/cookie.png]
[themes.pixelstrap.com/voxo/front-end/assets/js/jquery-3.5.1.min.js]
[themes.pixelstrap.com/voxo/front-end/assets/js/bootstrap/bootstrap.bundle.min.js]
[themes.pixelstrap.com/voxo/front-end/assets/js/feather/feather.min.js]
[themes.pixelstrap.com/voxo/front-end/assets/js/lazysizes.min.js]
[themes.pixelstrap.com/voxo/front-end/assets/js/slick/slick.js]
[themes.pixelstrap.com/voxo/front-end/assets/js/slick/slick-animation.min.js]
[themes.pixelstrap.com/voxo/front-end/assets/js/slick/custom_slick.js]
[themes.pixelstrap.com/voxo/front-end/assets/js/newsletter.js]
[themes.pixelstrap.com/voxo/front-end/assets/js/cart_modal_resize.js]
[themes.pixelstrap.com/voxo/front-end/assets/js/pwa.js]
[themes.pixelstrap.com/voxo/front-end/assets/js/timer1.js]
[themes.pixelstrap.com/voxo/front-end/assets/js/bootstrap/bootstrap-notify.min.js]
[themes.pixelstrap.com/voxo/front-end/assets/js/theme-setting.js]
[themes.pixelstrap.com/voxo/front-end/assets/js/script.js]
[themes.pixelstrap.com/voxo/front-end/index.html]
[themes.pixelstrap.com/voxo/front-end/assets/css/vendors/bootstrap.css]
[themes.pixelstrap.com/voxo/front-end/assets/fonts/fa-regular-400.eot]
[themes.pixelstrap.com/voxo/front-end/assets/fonts/fa-regular-400d41d.eot]
[themes.pixelstrap.com/voxo/front-end/assets/fonts/fa-regular-400.woff2]
[themes.pixelstrap.com/voxo/front-end/assets/fonts/fa-regular-400.woff]
[themes.pixelstrap.com/voxo/front-end/assets/fonts/fa-regular-400.ttf]
[themes.pixelstrap.com/voxo/front-end/assets/fonts/fa-brands-400.eot]
[themes.pixelstrap.com/voxo/front-end/assets/fonts/fa-brands-400d41d.eot]
[themes.pixelstrap.com/voxo/front-end/assets/fonts/fa-brands-400.woff2]
[themes.pixelstrap.com/voxo/front-end/assets/fonts/fa-brands-400.woff]
[themes.pixelstrap.com/voxo/front-end/assets/fonts/fa-brands-400.ttf]
[themes.pixelstrap.com/voxo/front-end/assets/fonts/fa-solid-900.eot]
[themes.pixelstrap.com/voxo/front-end/assets/fonts/fa-solid-900d41d.eot]
[themes.pixelstrap.com/voxo/front-end/assets/fonts/fa-solid-900.woff2]
[themes.pixelstrap.com/voxo/front-end/assets/fonts/fa-solid-900.woff]
[themes.pixelstrap.com/voxo/front-end/assets/fonts/fa-solid-900.ttf]
[themes.pixelstrap.com/voxo/front-end/assets/css/vendors/font-awesome.css]
[themes.pixelstrap.com/voxo/front-end/assets/css/vendors/feather-icon.css]
[themes.pixelstrap.com/voxo/front-end/assets/css/vendors/animate.css]
[themes.pixelstrap.com/voxo/front-end/assets/css/vendors/slick/slick.css]
[themes.pixelstrap.com/voxo/front-end/assets/fonts/slick.eot]
[themes.pixelstrap.com/voxo/front-end/assets/fonts/slickd41d.eot]
[themes.pixelstrap.com/voxo/front-end/assets/fonts/slick.woff]
[themes.pixelstrap.com/voxo/front-end/assets/fonts/slick.ttf]
[themes.pixelstrap.com/voxo/front-end/assets/css/vendors/slick/slick-theme.css]
[themes.pixelstrap.com/voxo/front-end/assets/images/voxo.png]
[themes.pixelstrap.com/voxo/front-end/assets/images/vegetable/effect1.png]
[themes.pixelstrap.com/voxo/front-end/assets/images/vegetable/effect.png]
[themes.pixelstrap.com/voxo/front-end/assets/images/vegetable/percentage.jpg]
[themes.pixelstrap.com/voxo/front-end/assets/css/demo2.css]
[themes.pixelstrap.com/voxo/front-end/assets/svg/icons.svg]
[themes.pixelstrap.com/voxo/front-end/assets/images/fashion/banner.jpg]
[themes.pixelstrap.com/voxo/front-end/assets/js/price-filter.js]
[themes.pixelstrap.com/voxo/front-end/assets/js/ion.rangeSlider.min.js]
[themes.pixelstrap.com/voxo/front-end/assets/js/filter.js]
[themes.pixelstrap.com/voxo/front-end/shop-left-sidebar.html]
[themes.pixelstrap.com/voxo/front-end/assets/images/favicon/5.png]
[themes.pixelstrap.com/voxo/front-end/assets/images/flower/poster/1.png]
[themes.pixelstrap.com/voxo/front-end/assets/images/flower/poster/2.png]
[themes.pixelstrap.com/voxo/front-end/assets/images/flower/back-cirlce.png]
[themes.pixelstrap.com/voxo/front-end/assets/images/flower/poster/a1.png]
[themes.pixelstrap.com/voxo/front-end/assets/images/flower/poster/t1.jpg]
[themes.pixelstrap.com/voxo/front-end/assets/images/flower/poster/t2.jpg]
[themes.pixelstrap.com/voxo/front-end/assets/images/flower/banner/1.jpg]
[themes.pixelstrap.com/voxo/front-end/assets/images/flower/banner/2.jpg]
[themes.pixelstrap.com/voxo/front-end/assets/images/flower/banner/3.jpg]
[themes.pixelstrap.com/voxo/front-end/assets/images/flower/product/1.jpg]
[themes.pixelstrap.com/voxo/front-end/assets/images/flower/product/2.jpg]
[themes.pixelstrap.com/voxo/front-end/assets/images/flower/product/3.jpg]
[themes.pixelstrap.com/voxo/front-end/assets/images/flower/product/4.jpg]
[themes.pixelstrap.com/voxo/front-end/assets/images/flower/product/5.jpg]
[themes.pixelstrap.com/voxo/front-end/assets/images/flower/categories/1.jpg]
[themes.pixelstrap.com/voxo/front-end/assets/images/flower/categories/2.jpg]
[themes.pixelstrap.com/voxo/front-end/assets/images/flower/categories/3.jpg]
[themes.pixelstrap.com/voxo/front-end/assets/images/flower/categories/4.jpg]
[themes.pixelstrap.com/voxo/front-end/assets/images/flower/offer/big.jpg]
[themes.pixelstrap.com/voxo/front-end/assets/images/flower/offer/1.jpg]
[themes.pixelstrap.com/voxo/front-end/assets/images/flower/offer/2.jpg]
[themes.pixelstrap.com/voxo/front-end/assets/images/flower/offer/3.jpg]
[themes.pixelstrap.com/voxo/front-end/assets/images/flower/popular/1.jpg]
[themes.pixelstrap.com/voxo/front-end/assets/images/flower/popular/2.jpg]
[themes.pixelstrap.com/voxo/front-end/assets/images/flower/popular/3.jpg]
[themes.pixelstrap.com/voxo/front-end/assets/images/flower/popular/a1.jpg]
[themes.pixelstrap.com/voxo/front-end/assets/images/flower/popular/a2.jpg]
[themes.pixelstrap.com/voxo/front-end/assets/images/flower/popular/a3.jpg]
[themes.pixelstrap.com/voxo/front-end/assets/images/flower/popular/a4.jpg]
[themes.pixelstrap.com/voxo/front-end/assets/images/flower/popular/a5.jpg]
[themes.pixelstrap.com/voxo/front-end/assets/images/flower/offer-1/2.png]
[themes.pixelstrap.com/voxo/front-end/assets/images/flower/offer-1/1.png]
[themes.pixelstrap.com/voxo/front-end/assets/images/flower/new/1.jpg]
[themes.pixelstrap.com/voxo/front-end/assets/images/flower/new/2.jpg]
[themes.pixelstrap.com/voxo/front-end/assets/images/flower/new/3.jpg]
[themes.pixelstrap.com/voxo/front-end/assets/images/brand/1.png]
[themes.pixelstrap.com/voxo/front-end/assets/images/brand/2.png]
[themes.pixelstrap.com/voxo/front-end/assets/images/brand/3.png]
[themes.pixelstrap.com/voxo/front-end/assets/images/brand/4.png]
[themes.pixelstrap.com/voxo/front-end/assets/images/brand/5.png]
[themes.pixelstrap.com/voxo/front-end/assets/images/brand/6.png]
[themes.pixelstrap.com/voxo/front-end/assets/images/shoes/other/headphone.png]
[themes.pixelstrap.com/voxo/front-end/flower-demo.html]
[themes.pixelstrap.com/voxo/front-end/assets/images/favicon/4.png]
[themes.pixelstrap.com/voxo/front-end/assets/images/furniture-images/poster/1.png]
[themes.pixelstrap.com/voxo/front-end/assets/images/furniture-images/poster/2.png]
[themes.pixelstrap.com/voxo/front-end/assets/images/furniture-images/poster/3.png]
[themes.pixelstrap.com/voxo/front-end/assets/images/furniture-images/poster/t2.jpg]
[themes.pixelstrap.com/voxo/front-end/assets/images/furniture-images/poster/t1.jpg]
[themes.pixelstrap.com/voxo/front-end/assets/images/furniture-images/poster/t3.jpg]
[themes.pixelstrap.com/voxo/front-end/assets/images/furniture-images/banner/1.jpg]
[themes.pixelstrap.com/voxo/front-end/assets/images/furniture-images/banner/2.jpg]
[themes.pixelstrap.com/voxo/front-end/assets/images/furniture-images/banner/3.jpg]
[themes.pixelstrap.com/voxo/front-end/assets/images/furniture-images/new-arrival/1.jpg]
[themes.pixelstrap.com/voxo/front-end/assets/images/furniture-images/new-arrival/2.jpg]
[themes.pixelstrap.com/voxo/front-end/assets/images/furniture-images/new-arrival/3.jpg]
[themes.pixelstrap.com/voxo/front-end/assets/images/furniture-images/new-arrival/4.jpg]
[themes.pixelstrap.com/voxo/front-end/assets/images/furniture-images/new-arrival/5.jpg]
[themes.pixelstrap.com/voxo/front-end/assets/images/furniture-images/new-arrival/7.jpg]
[themes.pixelstrap.com/voxo/front-end/assets/images/furniture-images/new-arrival/8.jpg]
[themes.pixelstrap.com/voxo/front-end/assets/images/furniture-images/new-arrival/9.jpg]
[themes.pixelstrap.com/voxo/front-end/assets/images/furniture-images/deal/1.png]
[themes.pixelstrap.com/voxo/front-end/assets/images/furniture-images/product/1.jpg]
[themes.pixelstrap.com/voxo/front-end/assets/images/furniture-images/product/2.jpg]
[themes.pixelstrap.com/voxo/front-end/assets/images/furniture-images/product/3.jpg]
[themes.pixelstrap.com/voxo/front-end/assets/images/furniture-images/product/4.jpg]
[themes.pixelstrap.com/voxo/front-end/assets/images/furniture-images/product/5.jpg]
[themes.pixelstrap.com/voxo/front-end/assets/images/furniture-images/product/6.jpg]
[themes.pixelstrap.com/voxo/front-end/assets/images/furniture-images/product/7.jpg]
[themes.pixelstrap.com/voxo/front-end/assets/images/furniture-images/product/8.jpg]
[themes.pixelstrap.com/voxo/front-end/assets/images/furniture-images/special-offer/1.png]
[themes.pixelstrap.com/voxo/front-end/assets/images/furniture-images/special-offer/2.png]
[themes.pixelstrap.com/voxo/front-end/assets/images/furniture-images/special-offer/3.png]
[themes.pixelstrap.com/voxo/front-end/assets/images/furniture-images/special-offer/a1.png]
[themes.pixelstrap.com/voxo/front-end/assets/images/furniture-images/special-offer/5.png]
[themes.pixelstrap.com/voxo/front-end/assets/images/furniture-images/shop/1.png]
[themes.pixelstrap.com/voxo/front-end/assets/images/furniture-images/shop/2.png]
[themes.pixelstrap.com/voxo/front-end/assets/images/furniture-images/shop/3.png]
[themes.pixelstrap.com/voxo/front-end/assets/images/furniture-images/shop/4.png]
[themes.pixelstrap.com/voxo/front-end/furniture-demo.html]
[themes.pixelstrap.com/voxo/front-end/assets/images/favicon/1.png]
[themes.pixelstrap.com/voxo/front-end/assets/images/electronics/slider/1.jpg]
[themes.pixelstrap.com/voxo/front-end/assets/images/electronics/slider/2.jpg]
[themes.pixelstrap.com/voxo/front-end/assets/images/electronics/slider/3.jpg]
[themes.pixelstrap.com/voxo/front-end/assets/images/social-icon/1.png]
[themes.pixelstrap.com/voxo/front-end/assets/images/social-icon/2.png]
[themes.pixelstrap.com/voxo/front-end/assets/images/social-icon/3.png]
[themes.pixelstrap.com/voxo/front-end/assets/images/electronics/banner/1.jpg]
[themes.pixelstrap.com/voxo/front-end/assets/images/electronics/banner/2.jpg]
[themes.pixelstrap.com/voxo/front-end/assets/images/electronics/product/2.jpg]
[themes.pixelstrap.com/voxo/front-end/assets/images/electronics/product/3.jpg]
[themes.pixelstrap.com/voxo/front-end/assets/images/electronics/product/4.jpg]
[themes.pixelstrap.com/voxo/front-end/assets/images/electronics/product/6.jpg]
[themes.pixelstrap.com/voxo/front-end/assets/images/electronics/banner/3.jpg]
[themes.pixelstrap.com/voxo/front-end/assets/images/electronics/product/png/1.png]
[themes.pixelstrap.com/voxo/front-end/assets/images/electronics/product/png/2.png]
[themes.pixelstrap.com/voxo/front-end/assets/images/electronics/product/png/3.png]
[themes.pixelstrap.com/voxo/front-end/assets/images/electronics/product/png/4.png]
[themes.pixelstrap.com/voxo/front-end/assets/images/electronics/product/png/5.png]
[themes.pixelstrap.com/voxo/front-end/assets/images/electronics/product/png/6.png]
[themes.pixelstrap.com/voxo/front-end/assets/images/electronics/product/png/7.png]
[themes.pixelstrap.com/voxo/front-end/assets/images/electronics/product/png/11.png]
[themes.pixelstrap.com/voxo/front-end/assets/images/electronics/product/png/13.png]
[themes.pixelstrap.com/voxo/front-end/assets/images/electronics/product/png/12.png]
[themes.pixelstrap.com/voxo/front-end/assets/images/electronics/product/png/14.png]
[themes.pixelstrap.com/voxo/front-end/assets/images/electronics/product/png/8.png]
[themes.pixelstrap.com/voxo/front-end/assets/images/electronics/product/png/9.png]
[themes.pixelstrap.com/voxo/front-end/assets/images/electronics/product/png/10.png]
[themes.pixelstrap.com/voxo/front-end/assets/images/electronics/instagram/1.jpg]
[themes.pixelstrap.com/voxo/front-end/assets/images/electronics/instagram/2.jpg]
[themes.pixelstrap.com/voxo/front-end/assets/images/electronics/instagram/3.jpg]
[themes.pixelstrap.com/voxo/front-end/assets/images/electronics/instagram/4.jpg]
[themes.pixelstrap.com/voxo/front-end/assets/images/electronics/instagram/5.jpg]
[themes.pixelstrap.com/voxo/front-end/assets/images/electronics/product/8.jpg]
[themes.pixelstrap.com/voxo/front-end/assets/images/electronics/product/9.jpg]
[themes.pixelstrap.com/voxo/front-end/assets/js/home-script.js]
[themes.pixelstrap.com/voxo/front-end/electronic-demo.html]
[themes.pixelstrap.com/voxo/front-end/assets/images/favicon/3.png]
[themes.pixelstrap.com/voxo/front-end/assets/images/shoes/png/001-hotel-service.png]
[themes.pixelstrap.com/voxo/front-end/assets/images/shoes/1-.png]
[themes.pixelstrap.com/voxo/front-end/assets/images/shoes/slider-2.png]
[themes.pixelstrap.com/voxo/front-end/assets/images/shoes/Slider.png]
[themes.pixelstrap.com/voxo/front-end/assets/images/shoes/poster/1.png]
[themes.pixelstrap.com/voxo/front-end/assets/images/shoes/poster/2.png]
[themes.pixelstrap.com/voxo/front-end/assets/images/shoes/product/1.jpg]
[themes.pixelstrap.com/voxo/front-end/assets/images/shoes/product/2.jpg]
[themes.pixelstrap.com/voxo/front-end/assets/images/shoes/product/3.jpg]
[themes.pixelstrap.com/voxo/front-end/assets/images/shoes/product/4.jpg]
[themes.pixelstrap.com/voxo/front-end/assets/images/shoes/product/5.jpg]
[themes.pixelstrap.com/voxo/front-end/assets/images/shoes/product/6.jpg]
[themes.pixelstrap.com/voxo/front-end/assets/images/shoes/poster-2/1.jpg]
[themes.pixelstrap.com/voxo/front-end/assets/images/shoes/poster-2/2.jpg]
[themes.pixelstrap.com/voxo/front-end/assets/images/shoes/poster-2/3.jpg]
[themes.pixelstrap.com/voxo/front-end/assets/images/shoes/poster-2/4.jpg]
[themes.pixelstrap.com/voxo/front-end/assets/images/shoes/category/1.png]
[themes.pixelstrap.com/voxo/front-end/assets/images/shoes/category/2.png]
[themes.pixelstrap.com/voxo/front-end/assets/images/shoes/category/3.png]
[themes.pixelstrap.com/voxo/front-end/assets/images/shoes/category/4.png]
[themes.pixelstrap.com/voxo/front-end/assets/images/shoes/category/5.png]
[themes.pixelstrap.com/voxo/front-end/assets/images/shoes/category/6.png]
[themes.pixelstrap.com/voxo/front-end/assets/images/shoes/category/7.png]
[themes.pixelstrap.com/voxo/front-end/assets/images/shoes/latest-product/1.jpg]
[themes.pixelstrap.com/voxo/front-end/assets/images/shoes/latest-product/2.jpg]
[themes.pixelstrap.com/voxo/front-end/assets/images/shoes/latest-product/3.jpg]
[themes.pixelstrap.com/voxo/front-end/assets/images/shoes/latest-product/4.jpg]
[themes.pixelstrap.com/voxo/front-end/assets/images/shoes/latest-product/5.jpg]
[themes.pixelstrap.com/voxo/front-end/assets/images/shoes/latest-product/6.jpg]
[themes.pixelstrap.com/voxo/front-end/assets/images/shoes/latest-product/7.jpg]
[themes.pixelstrap.com/voxo/front-end/assets/images/shoes/latest-product/8.jpg]
[themes.pixelstrap.com/voxo/front-end/assets/images/shoes/latest-product/9.jpg]
[themes.pixelstrap.com/voxo/front-end/assets/images/shoes/deal/1.png]
[themes.pixelstrap.com/voxo/front-end/shoes-demo.html]
[themes.pixelstrap.com/voxo/front-end/assets/images/favicon/6.png]
[themes.pixelstrap.com/voxo/front-end/assets/images/vegetable/poster/1.png]
[themes.pixelstrap.com/voxo/front-end/assets/images/vegetable/poster/2.png]
[themes.pixelstrap.com/voxo/front-end/assets/images/vegetable/poster/3.png]
[themes.pixelstrap.com/voxo/front-end/assets/images/vegetable/poster/circle.png]
[themes.pixelstrap.com/voxo/front-end/assets/images/vegetable/poster/t1.jpg]
[themes.pixelstrap.com/voxo/front-end/assets/images/vegetable/poster/t2.jpg]
[themes.pixelstrap.com/voxo/front-end/assets/images/vegetable/poster/t3.jpg]
[themes.pixelstrap.com/voxo/front-end/assets/images/vegetable/banner/1.jpg]
[themes.pixelstrap.com/voxo/front-end/assets/images/vegetable/banner/2.jpg]
[themes.pixelstrap.com/voxo/front-end/assets/images/vegetable/fresh/1.jpg]
[themes.pixelstrap.com/voxo/front-end/assets/images/vegetable/fresh/2.jpg]
[themes.pixelstrap.com/voxo/front-end/assets/images/vegetable/fresh/3.jpg]
[themes.pixelstrap.com/voxo/front-end/assets/images/vegetable/fresh/4.jpg]
[themes.pixelstrap.com/voxo/front-end/assets/images/vegetable/fresh/5.jpg]
[themes.pixelstrap.com/voxo/front-end/assets/images/vegetable/fresh/6.jpg]
[themes.pixelstrap.com/voxo/front-end/assets/images/vegetable/fruit/1.jpg]
[themes.pixelstrap.com/voxo/front-end/assets/images/vegetable/fruit/2.jpg]
[themes.pixelstrap.com/voxo/front-end/assets/images/vegetable/fruit/3.jpg]
[themes.pixelstrap.com/voxo/front-end/assets/images/vegetable/fruit/4.jpg]
[themes.pixelstrap.com/voxo/front-end/assets/images/vegetable/fruit/5.jpg]
[themes.pixelstrap.com/voxo/front-end/assets/images/vegetable/fruit/6.jpg]
[themes.pixelstrap.com/voxo/front-end/assets/images/vegetable/1234.png]
[themes.pixelstrap.com/voxo/front-end/assets/images/vegetable/circle.png]
[themes.pixelstrap.com/voxo/front-end/assets/images/vegetable/offer/2.jpg]
[themes.pixelstrap.com/voxo/front-end/assets/images/vegetable/percent.png]
[themes.pixelstrap.com/voxo/front-end/assets/images/vegetable/category/1.jpg]
[themes.pixelstrap.com/voxo/front-end/assets/images/vegetable/category/1.png]
[themes.pixelstrap.com/voxo/front-end/assets/images/vegetable/category/2.jpg]
[themes.pixelstrap.com/voxo/front-end/assets/images/vegetable/category/2.png]
[themes.pixelstrap.com/voxo/front-end/assets/images/vegetable/category/3.jpg]
[themes.pixelstrap.com/voxo/front-end/assets/images/vegetable/category/3.png]
[themes.pixelstrap.com/voxo/front-end/assets/images/vegetable/category/4.jpg]
[themes.pixelstrap.com/voxo/front-end/assets/images/vegetable/category/4.png]
[themes.pixelstrap.com/voxo/front-end/assets/images/vegetable/offer-1/1.png]
[themes.pixelstrap.com/voxo/front-end/assets/images/vegetable/offer-1/2.png]
[themes.pixelstrap.com/voxo/front-end/assets/images/vegetable/offer-1/3.png]
[themes.pixelstrap.com/voxo/front-end/assets/images/vegetable/offer-1/big.png]
[themes.pixelstrap.com/voxo/front-end/assets/images/vegetable/offer-1/4.png]
[themes.pixelstrap.com/voxo/front-end/assets/images/vegetable/offer-1/5.png]
[themes.pixelstrap.com/voxo/front-end/assets/images/vegetable/offer-1/6.png]
[themes.pixelstrap.com/voxo/front-end/assets/images/vegetable/update/1.jpg]
[themes.pixelstrap.com/voxo/front-end/assets/images/vegetable/update/2.jpg]
[themes.pixelstrap.com/voxo/front-end/assets/images/vegetable/update/3.jpg]
[themes.pixelstrap.com/voxo/front-end/assets/js/typeahead.bundle.min.js]
[themes.pixelstrap.com/voxo/front-end/assets/js/typeahead.jquery.min.js]
[themes.pixelstrap.com/voxo/front-end/assets/js/ajax-custom.js]
[themes.pixelstrap.com/voxo/front-end/vegetables-demo.html]
[themes.pixelstrap.com/voxo/front-end/shop-canvas-filter.html]
[themes.pixelstrap.com/voxo/front-end/assets/images/fashion/category/5.jpg]
[themes.pixelstrap.com/voxo/front-end/assets/images/fashion/category/6.jpg]
[themes.pixelstrap.com/voxo/front-end/assets/images/fashion/category/7.jpg]
[themes.pixelstrap.com/voxo/front-end/assets/images/fashion/category/8.jpg]
[themes.pixelstrap.com/voxo/front-end/assets/images/fashion/category/9.jpg]
[themes.pixelstrap.com/voxo/front-end/assets/images/fashion/category/10.jpg]
[themes.pixelstrap.com/voxo/front-end/assets/images/fashion/category/11.jpg]
[themes.pixelstrap.com/voxo/front-end/assets/images/fashion/category/12.jpg]
[themes.pixelstrap.com/voxo/front-end/shop-category-slider.html]
[themes.pixelstrap.com/voxo/front-end/shop-filter-hide.html]
[themes.pixelstrap.com/voxo/front-end/assets/js/infinite-scroll.js]
[themes.pixelstrap.com/voxo/front-end/shop-list-infinite.html]
[themes.pixelstrap.com/voxo/front-end/shop-list.html]
[themes.pixelstrap.com/voxo/front-end/shop-no-sidebar.html]
[themes.pixelstrap.com/voxo/front-end/shop-right-sidebar.html]
[themes.pixelstrap.com/voxo/front-end/shop-top-filter.html]
[themes.pixelstrap.com/voxo/front-end/shop-with-category.html]
[themes.pixelstrap.com/voxo/front-end/assets/images/fashion/1.jpg]
[themes.pixelstrap.com/voxo/front-end/assets/images/fashion/2.jpg]
[themes.pixelstrap.com/voxo/front-end/assets/images/fashion/3.jpg]
[themes.pixelstrap.com/voxo/front-end/assets/images/fashion/4.jpg]
[themes.pixelstrap.com/voxo/front-end/assets/images/gif/fire.gif]
[themes.pixelstrap.com/voxo/front-end/assets/images/gif/person.gif]
[themes.pixelstrap.com/voxo/front-end/assets/images/gif/truck.png]
[themes.pixelstrap.com/voxo/front-end/assets/images/inner-page/review-image/1.jpg]
[themes.pixelstrap.com/voxo/front-end/assets/images/inner-page/review-image/2.jpg]
[themes.pixelstrap.com/voxo/front-end/assets/images/inner-page/review-image/3.jpg]
[themes.pixelstrap.com/voxo/front-end/assets/images/inner-page/review-image/4.jpg]
[themes.pixelstrap.com/voxo/front-end/assets/images/size-chart.jpg]
[themes.pixelstrap.com/voxo/front-end/assets/js/timer.js]
[themes.pixelstrap.com/voxo/front-end/assets/js/sticky-cart-bottom.js]
[themes.pixelstrap.com/voxo/front-end/assets/js/check-box-select.js]
[themes.pixelstrap.com/voxo/front-end/assets/js/jquery.elevatezoom.js]
[themes.pixelstrap.com/voxo/front-end/assets/js/zoom-filter.js]
[themes.pixelstrap.com/voxo/front-end/product-4-image.html]
[themes.pixelstrap.com/voxo/front-end/assets/images/360-icon.png]
[themes.pixelstrap.com/voxo/front-end/assets/js/threesixty.js]
[themes.pixelstrap.com/voxo/front-end/assets/js/custome-threesixty.js]
[themes.pixelstrap.com/voxo/front-end/product-360-view.html]
[themes.pixelstrap.com/voxo/front-end/assets/images/fashion/5.jpg]
[themes.pixelstrap.com/voxo/front-end/assets/images/fashion/6.jpg]
[themes.pixelstrap.com/voxo/front-end/assets/images/fashion/7.jpg]
[themes.pixelstrap.com/voxo/front-end/product-bundle.html]
[themes.pixelstrap.com/voxo/front-end/product-left-sidebar.html]
[themes.pixelstrap.com/voxo/front-end/product-left-thumbnail.html]
[themes.pixelstrap.com/voxo/front-end/product-no-sidebar.html]
[themes.pixelstrap.com/voxo/front-end/product-right-sidebar.html]
[themes.pixelstrap.com/voxo/front-end/product-right-thumbnail.html]
[themes.pixelstrap.com/voxo/front-end/product-sticky.html]
[img.icons8.com/ios/50/000000/circled-play.png]
[themes.pixelstrap.com/voxo/front-end/product-video-thumbnail.html]
[themes.pixelstrap.com/voxo/front-end/assets/images/inner-page/product/1.jpg]
[themes.pixelstrap.com/voxo/front-end/assets/images/inner-page/product/2.jpg]
[themes.pixelstrap.com/voxo/front-end/assets/images/inner-page/product/3.jpg]
[themes.pixelstrap.com/voxo/front-end/assets/images/inner-page/product/4.jpg]
[themes.pixelstrap.com/voxo/front-end/assets/images/inner-page/product/5.jpg]
[themes.pixelstrap.com/voxo/front-end/assets/images/inner-page/product/6.jpg]
[themes.pixelstrap.com/voxo/front-end/assets/images/inner-page/product/7.jpg]
[themes.pixelstrap.com/voxo/front-end/assets/images/inner-page/product/8.jpg]
[themes.pixelstrap.com/voxo/front-end/assets/images/inner-page/product/9.jpg]
[themes.pixelstrap.com/voxo/front-end/assets/images/inner-page/product/10.jpg]
[themes.pixelstrap.com/voxo/front-end/assets/images/inner-page/product/11.jpg]
[themes.pixelstrap.com/voxo/front-end/assets/images/inner-page/product/12.jpg]
[themes.pixelstrap.com/voxo/front-end/assets/js/isotope.pkgd.min.js]
[themes.pixelstrap.com/voxo/front-end/assets/js/jquery.magnific-popup.min.js]
[themes.pixelstrap.com/voxo/front-end/assets/js/portfolio.js]
[themes.pixelstrap.com/voxo/front-end/portfolio-2-grid.html]
[themes.pixelstrap.com/voxo/front-end/portfolio-2-masonary.html]
[themes.pixelstrap.com/voxo/front-end/portfolio-3-grid.html]
[themes.pixelstrap.com/voxo/front-end/portfolio-3-masonary.html]
[themes.pixelstrap.com/voxo/front-end/portfolio-4-grid.html]
[themes.pixelstrap.com/voxo/front-end/portfolio-4-masonary.html]
[themes.pixelstrap.com/voxo/front-end/portfolio-no-space.html]
[themes.pixelstrap.com/voxo/front-end/element-button.html]
[themes.pixelstrap.com/voxo/front-end/element-category.html]
[themes.pixelstrap.com/voxo/front-end/element-collection-banner.html]
[themes.pixelstrap.com/voxo/front-end/assets/js/timer2.js]
[themes.pixelstrap.com/voxo/front-end/assets/js/timer3.js]
[themes.pixelstrap.com/voxo/front-end/element-deal-banner.html]
[themes.pixelstrap.com/voxo/front-end/element-header.html]
[themes.pixelstrap.com/voxo/front-end/element-home.html]
[themes.pixelstrap.com/voxo/front-end/element-product.html]
[themes.pixelstrap.com/voxo/front-end/assets/images/inner-page/404.png]
[themes.pixelstrap.com/voxo/front-end/404.html]
[themes.pixelstrap.com/voxo/front-end/assets/images/inner-page/facebook.png]
[themes.pixelstrap.com/voxo/front-end/assets/images/inner-page/google.png]
[themes.pixelstrap.com/voxo/front-end/log-in.html]
[themes.pixelstrap.com/voxo/front-end/sign-up.html]
[themes.pixelstrap.com/voxo/front-end/forgot.html]
[themes.pixelstrap.com/voxo/front-end/assets/js/count-down-timer.js]
[themes.pixelstrap.com/voxo/front-end/cart.html]
[themes.pixelstrap.com/voxo/front-end/checkout.html]
[themes.pixelstrap.com/voxo/front-end/coming-soon.html]
[themes.pixelstrap.com/voxo/front-end/compare.html]
[themes.pixelstrap.com/voxo/front-end/contact-us.html]
[themes.pixelstrap.com/voxo/front-end/assets/images/inner-page/faq/guides.png]
[themes.pixelstrap.com/voxo/front-end/assets/images/inner-page/faq/faq.png]
[themes.pixelstrap.com/voxo/front-end/assets/images/inner-page/faq/community.png]
[themes.pixelstrap.com/voxo/front-end/faq.html]
[themes.pixelstrap.com/voxo/front-end/order-success.html]
[themes.pixelstrap.com/voxo/front-end/order-tracking.html]
[themes.pixelstrap.com/voxo/front-end/assets/images/inner-page/review-image/5.jpg]
[themes.pixelstrap.com/voxo/front-end/assets/js/portfolio-grid.js]
[themes.pixelstrap.com/voxo/front-end/review.html]
[themes.pixelstrap.com/voxo/front-end/search.html]
[themes.pixelstrap.com/voxo/front-end/assets/images/svg/box.png]
[themes.pixelstrap.com/voxo/front-end/assets/images/svg/box1.png]
[themes.pixelstrap.com/voxo/front-end/assets/images/svg/sent.png]
[themes.pixelstrap.com/voxo/front-end/assets/images/svg/sent1.png]
[themes.pixelstrap.com/voxo/front-end/assets/images/svg/wishlist.png]
[themes.pixelstrap.com/voxo/front-end/assets/images/svg/wishlist1.png]
[themes.pixelstrap.com/voxo/front-end/user-dashboard.html]
[themes.pixelstrap.com/voxo/front-end/wishlist.html]
[themes.pixelstrap.com/voxo/front-end/assets/images/inner-page/product/16.jpg]
[themes.pixelstrap.com/voxo/front-end/blog-details.html]
[themes.pixelstrap.com/voxo/front-end/assets/images/inner-page/product/13.jpg]
[themes.pixelstrap.com/voxo/front-end/assets/images/inner-page/product/14.jpg]
[themes.pixelstrap.com/voxo/front-end/assets/images/inner-page/product/15.jpg]
[themes.pixelstrap.com/voxo/front-end/blog-infinite-scroll.html]
[themes.pixelstrap.com/voxo/front-end/blog-left-sidebar.html]
[themes.pixelstrap.com/voxo/front-end/assets/images/inner-page/review-image/7.jpg]
[themes.pixelstrap.com/voxo/front-end/blog-listing.html]
[themes.pixelstrap.com/voxo/front-end/assets/images/inner-page/quote.png]
[themes.pixelstrap.com/voxo/front-end/blog-masonary.html]
[themes.pixelstrap.com/voxo/front-end/blog-no-sidebar.html]
[themes.pixelstrap.com/voxo/front-end/blog-right-sidebar.html]
[themes.pixelstrap.com/voxo/front-end/assets/images/inner-page/review-image/6.jpg]
[themes.pixelstrap.com/voxo/front-end/assets/images/inner-page/review-image/8.jpg]
[themes.pixelstrap.com/voxo/front-end/about-us.html]
[themes.pixelstrap.com/voxo/front-end/assets/fonts/fa-regular-400.svg]
[themes.pixelstrap.com/voxo/front-end/assets/fonts/fa-brands-400.svg]
[themes.pixelstrap.com/voxo/front-end/assets/fonts/fa-solid-900.svg]
[themes.pixelstrap.com/voxo/front-end/assets/fonts/slick.svg]
[themes.pixelstrap.com/voxo/front-end/assets/images/check.svg]
[themes.pixelstrap.com/voxo/front-end/assets/images/minus.svg]
[themes.pixelstrap.com/voxo/front-end/assets/images/plus.svg]
[themes.pixelstrap.com/voxo/front-end/assets/css/vendors/ion.rangeSlider.min.css]
[themes.pixelstrap.com/voxo/front-end/assets/svg/grid-2.svg]
[themes.pixelstrap.com/voxo/front-end/assets/svg/grid-3.svg]
[themes.pixelstrap.com/voxo/front-end/assets/svg/grid.svg]
[themes.pixelstrap.com/voxo/front-end/assets/svg/list.svg]
[themes.pixelstrap.com/voxo/front-end/assets/images/flower/back.jpg]
[themes.pixelstrap.com/voxo/front-end/assets/css/demo5.css]
[themes.pixelstrap.com/voxo/front-end/demo3.html]
[themes.pixelstrap.com/voxo/front-end/assets/images/furniture-images/poster/back.jpg]
[themes.pixelstrap.com/voxo/front-end/assets/css/demo4.css]
[themes.pixelstrap.com/voxo/front-end/assets/css/demo1.css]
[themes.pixelstrap.com/voxo/front-end/assets/css/demo3.css]
[themes.pixelstrap.com/voxo/front-end/assets/images/vegetable/852.png]
[themes.pixelstrap.com/voxo/front-end/assets/css/demo6.css]
[themes.pixelstrap.com/voxo/front-end/assets/svg/grid-5.svg]
[themes.pixelstrap.com/voxo/front-end/product-left-sidebar-2.html]
[themes.pixelstrap.com/voxo/front-end/assets/css/magnific-popup.css]
[themes.pixelstrap.com/voxo/front-end/assets/css/element-category.css]
[themes.pixelstrap.com/voxo/front-end/assets/css/element-banner.css]
[themes.pixelstrap.com/voxo/front-end/assets/css/element-deal-banner.css]
[themes.pixelstrap.com/voxo/front-end/assets/css/element-header.css]
[themes.pixelstrap.com/voxo/front-end/www.facebook.html]
[themes.pixelstrap.com/voxo/front-end/www.gmail.html]
[themes.pixelstrap.com/voxo/front-end/www.twitter.html]
[themes.pixelstrap.com/voxo/front-end/www.google.html]
